<html>
<body>
<pre>
<h1>µVision Build Log</h1>
<h2>Project:</h2>
F:\KLETECH Files\5th sem\OS\Project Programs\led blink.uvproj
Project File Date:  10/28/2017

<h2>Output:</h2>
Build target 'Target 1'
assembling Startup.s...
linking...
led blink.axf: Warning: L6665W: Neither Lib$$Request$$armlib Lib$$Request$$cpplib defined, not searching ARM libraries.
led blink.axf: Error: L6411E: No compatible library exists with a definition of startup symbol __main.
led blink.axf: Not enough information to list image symbols.
led blink.axf: Not enough information to list the image map.
led blink.axf: Finished: 2 information, 1 warning and 1 error messages.
Target not created
Build target 'Target 1'
compiling led_blink.c...
led_blink.c(6): error:  #20: identifier "I00DIR" is undefined
led_blink.c:    I00DIR= 0x00000010;
led_blink.c:    ^
led_blink.c(14): warning:  #1-D: last line of file ends without a newline
led_blink.c:    }
led_blink.c:     ^
led_blink.c(14): error: At end of source:  #67: expected a "}"
led_blink.c: led_blink.c: 1 warning, 2 errors
Target not created
Build target 'Target 1'
compiling led_blink.c...
led_blink.c(14): warning:  #1-D: last line of file ends without a newline
led_blink.c:    }
led_blink.c:     ^
led_blink.c(14): error: At end of source:  #67: expected a "}"
led_blink.c: led_blink.c: 1 warning, 1 error
Target not created
Build target 'Target 1'
compiling led_blink.c...
led_blink.c(15): warning:  #1-D: last line of file ends without a newline
led_blink.c:   }
led_blink.c:    ^
led_blink.c: led_blink.c: 1 warning, 0 errors
linking...
Program Size: Code=684 RO-data=32 RW-data=4 ZI-data=1260  
"led blink.axf" - 0 Error(s), 1 Warning(s).
Build target 'Target 1'
compiling led_blink.c...
linking...
Program Size: Code=684 RO-data=32 RW-data=4 ZI-data=1260  
"led blink.axf" - 0 Error(s), 0 Warning(s).
Build target 'Target 1'
linking...
Program Size: Code=684 RO-data=32 RW-data=4 ZI-data=1260  
"led blink.axf" - 0 Error(s), 0 Warning(s).
Build target 'Target 1'
linking...
Program Size: Code=684 RO-data=32 RW-data=4 ZI-data=1260  
"led blink.axf" - 0 Error(s), 0 Warning(s).
Build target 'Target 1'
assembling Startup.s...
compiling led_blink.c...
linking...
Program Size: Code=580 RO-data=32 RW-data=4 ZI-data=1164  
FromELF: creating hex file...
"led blink.axf" - 0 Error(s), 0 Warning(s).
Build target 'Target 1'
compiling led_blink.c...
linking...
Program Size: Code=572 RO-data=32 RW-data=4 ZI-data=1164  
FromELF: creating hex file...
"led blink.axf" - 0 Error(s), 0 Warning(s).
Build target 'Target 1'
compiling led_blink.c...
linking...
Program Size: Code=992 RO-data=32 RW-data=12 ZI-data=1164  
FromELF: creating hex file...
"led blink.axf" - 0 Error(s), 0 Warning(s).
Build target 'Target 1'
compiling led_blink.c...
linking...
Program Size: Code=580 RO-data=32 RW-data=4 ZI-data=1164  
FromELF: creating hex file...
"led blink.axf" - 0 Error(s), 0 Warning(s).
Build target 'Target 1'
compiling led_blink.c...
linking...
Program Size: Code=804 RO-data=32 RW-data=4 ZI-data=1164  
FromELF: creating hex file...
"led blink.axf" - 0 Error(s), 0 Warning(s).
Build target 'Target 1'
assembling Startup.s...
linking...
Program Size: Code=752 RO-data=32 RW-data=4 ZI-data=1164  
FromELF: creating hex file...
"led blink.axf" - 0 Error(s), 0 Warning(s).
Build target 'Target 1'
linking...
Program Size: Code=752 RO-data=32 RW-data=4 ZI-data=1164  
FromELF: creating hex file...
"led blink.axf" - 0 Error(s), 0 Warning(s).
Build target 'Target 1'
compiling led_blink.c...
linking...
Program Size: Code=1088 RO-data=32 RW-data=4 ZI-data=1164  
FromELF: creating hex file...
"led blink.axf" - 0 Error(s), 0 Warning(s).
Build target 'Target 1'
compiling led_blink.c...
led_blink.c(11): error:  #65: expected a ";"
led_blink.c:     for(delay = 0 ; delay < 100000 ; delay++ );
led_blink.c:     ^
led_blink.c: led_blink.c: 0 warnings, 1 error
Target not created
Build target 'Target 1'
compiling led_blink.c...
linking...
Program Size: Code=1088 RO-data=32 RW-data=4 ZI-data=1164  
FromELF: creating hex file...
"led blink.axf" - 0 Error(s), 0 Warning(s).
Build target 'Target 1'
compiling led_blink.c...
linking...
led blink.axf: Error: L6218E: Undefined symbol delay (referred from led_blink.o).
led blink.axf: Not enough information to list image symbols.
led blink.axf: Finished: 1 information, 0 warning and 1 error messages.
Target not created
Build target 'Target 1'
compiling led_blink.c...
linking...
led blink.axf: Error: L6218E: Undefined symbol delay (referred from led_blink.o).
led blink.axf: Not enough information to list image symbols.
led blink.axf: Finished: 1 information, 0 warning and 1 error messages.
Target not created
Build target 'Target 1'
linking...
led blink.axf: Error: L6218E: Undefined symbol delay (referred from led_blink.o).
led blink.axf: Not enough information to list image symbols.
led blink.axf: Finished: 1 information, 0 warning and 1 error messages.
Target not created
Build target 'Target 1'
compiling led_blink.c...
linking...
led blink.axf: Error: L6218E: Undefined symbol delay (referred from led_blink.o).
led blink.axf: Not enough information to list image symbols.
led blink.axf: Finished: 1 information, 0 warning and 1 error messages.
Target not created
Build target 'Target 1'
compiling led_blinks.c...
led_blinks.c(14): warning:  #1-D: last line of file ends without a newline
led_blinks.c:   }
led_blinks.c:    ^
led_blinks.c: led_blinks.c: 1 warning, 0 errors
linking...
led blink.axf: Error: L6218E: Undefined symbol delay (referred from led_blinks.o).
led blink.axf: Not enough information to list image symbols.
led blink.axf: Finished: 1 information, 0 warning and 1 error messages.
Target not created
Build target 'Target 1'
compiling led_blinks.c...
linking...
led blink.axf: Error: L6218E: Undefined symbol delay (referred from led_blinks.o).
led blink.axf: Not enough information to list image symbols.
led blink.axf: Finished: 1 information, 0 warning and 1 error messages.
Target not created
Build target 'Target 1'
compiling led_blinks.c...
led_blinks.c(15): error:  #147-D: declaration is incompatible with "void delay(void)" (declared at line 2)
led_blinks.c:      void delay(unsigned int x)
led_blinks.c:           ^
led_blinks.c: led_blinks.c: 0 warnings, 1 error
Target not created
Build target 'Target 1'
compiling led_blinks.c...
linking...
Program Size: Code=436 RO-data=16 RW-data=0 ZI-data=1160  
FromELF: creating hex file...
"led blink.axf" - 0 Error(s), 0 Warning(s).
Build target 'Target 1'
linking...
Program Size: Code=436 RO-data=16 RW-data=0 ZI-data=1160  
FromELF: creating hex file...
"led blink.axf" - 0 Error(s), 0 Warning(s).
Build target 'Target 1'
compiling led_blinks.c...
linking...
Program Size: Code=436 RO-data=16 RW-data=0 ZI-data=1160  
FromELF: creating hex file...
"led blink.axf" - 0 Error(s), 0 Warning(s).
