ARM Linker, 4.1 [Build 481] [Evaluation]

==============================================================================

Section Cross References

    startup.o(RESET) refers to startup.o(STACK) for Stack_Top
    startup.o(RESET) refers to entry.o(.ARM.Collect$$$$00000000) for __main
    entry.o(.ARM.Collect$$$$00000000) refers (Special) to entry7.o(.ARM.Collect$$$$00000007) for _main_init
    entry.o(.ARM.Collect$$$$00000000) refers (Special) to entry5.o(.ARM.Collect$$$$00000004) for _main_scatterload
    entry.o(.ARM.Collect$$$$00000000) refers (Special) to entry2.o(.ARM.Collect$$$$00000001) for _main_stk
    entry2.o(.ARM.Collect$$$$00000001) refers to entry2.o(.ARM.Collect$$$$00002712) for __lit__00000000
    entry2.o(.ARM.Collect$$$$00002712) refers to startup.o(STACK) for __initial_sp
    entry5.o(.ARM.Collect$$$$00000004) refers to init.o(.text) for __scatterload
    entry7.o(.ARM.Collect$$$$00000007) refers to led_blinks.o(.text) for main
    init.o(.text) refers to init.o(i.__ARM_common_call_via_r3) for __ARM_common_call_via_r3
    init.o(.text) refers to entry5.o(.ARM.Collect$$$$00000004) for __main_after_scatterload


==============================================================================

Removing Unused input sections from the image.

    Removing startup.o(HEAP), (0 bytes).

1 unused section(s) (total 0 bytes) removed from the image.

==============================================================================

Adding Veneers to the image

    Adding AT veneer (8 bytes, Inline) for call to '__scatterload' from entry5.o(.ARM.Collect$$$$00000004).
    Adding TA veneer (8 bytes, Short) for call to '__main_after_scatterload' from init.o(.text).

2 Veneer(s) (total 16 bytes) added to the image.

==============================================================================

Image Symbol Table

    Local Symbols

    Symbol Name                              Value     Ov Type        Size  Object(Section)

    RESET                                    0x00000000   Section      212  startup.o(RESET)
    ../../microlib/init/entry.s              0x00000000   Number         0  entry.o ABSOLUTE
    ../../microlib/init/entry.s              0x00000000   Number         0  entry2.o ABSOLUTE
    ../../microlib/init/entry.s              0x00000000   Number         0  entry5.o ABSOLUTE
    ../../microlib/init/entry.s              0x00000000   Number         0  entry7.o ABSOLUTE
    Startup.s                                0x00000000   Number         0  startup.o ABSOLUTE
    dc.s                                     0x00000000   Number         0  dc.o ABSOLUTE
    handlers.s                               0x00000000   Number         0  handlers.o ABSOLUTE
    init.s                                   0x00000000   Number         0  init.o ABSOLUTE
    led_blinks.c                             0x00000000   Number         0  led_blinks.o ABSOLUTE
    Undef_Handler                            0x00000040   ARM Code       4  startup.o(RESET)
    SWI_Handler                              0x00000044   ARM Code       4  startup.o(RESET)
    PAbt_Handler                             0x00000048   ARM Code       4  startup.o(RESET)
    DAbt_Handler                             0x0000004c   ARM Code       4  startup.o(RESET)
    IRQ_Handler                              0x00000050   ARM Code       4  startup.o(RESET)
    FIQ_Handler                              0x00000054   ARM Code       4  startup.o(RESET)
    .ARM.Collect$$$$00000000                 0x000000d4   Section        0  entry.o(.ARM.Collect$$$$00000000)
    .ARM.Collect$$$$00000001                 0x000000d4   Section        4  entry2.o(.ARM.Collect$$$$00000001)
    .ARM.Collect$$$$00000004                 0x000000d8   Section        4  entry5.o(.ARM.Collect$$$$00000004)
    .ARM.Collect$$$$00000007                 0x000000dc   Section       12  entry7.o(.ARM.Collect$$$$00000007)
    .ARM.Collect$$$$00002712                 0x000000e8   Section        4  entry2.o(.ARM.Collect$$$$00002712)
    __lit__00000000                          0x000000e8   Data           4  entry2.o(.ARM.Collect$$$$00002712)
    .text                                    0x000000ec   Section        0  led_blinks.o(.text)
    .text                                    0x00000150   Section       32  init.o(.text)
    i.__ARM_common_call_via_r3               0x00000178   Section        2  init.o(i.__ARM_common_call_via_r3)
    i.__scatterload_copy                     0x0000017c   Section       28  handlers.o(i.__scatterload_copy)
    i.__scatterload_null                     0x00000198   Section        4  handlers.o(i.__scatterload_null)
    i.__scatterload_zeroinit                 0x0000019c   Section       24  handlers.o(i.__scatterload_zeroinit)
    STACK                                    0x40000000   Section     1160  startup.o(STACK)
    Stack_Top                                0x40000488   Data           0  startup.o(STACK)

    Global Symbols

    Symbol Name                              Value     Ov Type        Size  Object(Section)

    BuildAttributes$$THM_ISAv1$ARM_ISAv4$S$PE$A:L22$X:L11$S22$IEEE1$IW$USESV6$~STKCKD$USESV7$~SHL$OSPACE$EBA8$MICROLIB$REQ8$PRES8$EABIv2 0x00000000   Number         0  anon$$obj.o ABSOLUTE
    __ARM_use_no_argv                        0x00000000   Number         0  led_blinks.o ABSOLUTE
    __decompress                              - Undefined Weak Reference
    Reset_Handler                            0x00000058   ARM Code       0  startup.o(RESET)
    __main                                   0x000000d4   ARM Code       0  entry.o(.ARM.Collect$$$$00000000)
    _main_stk                                0x000000d4   ARM Code       0  entry2.o(.ARM.Collect$$$$00000001)
    _main_scatterload                        0x000000d8   ARM Code       0  entry5.o(.ARM.Collect$$$$00000004)
    __main_after_scatterload                 0x000000dc   ARM Code       0  entry5.o(.ARM.Collect$$$$00000004)
    _main_init                               0x000000dc   ARM Code       0  entry7.o(.ARM.Collect$$$$00000007)
    delay                                    0x000000ec   ARM Code      28  led_blinks.o(.text)
    main                                     0x00000108   ARM Code      56  led_blinks.o(.text)
    Inline ARM to Thumb Veneer to __scatterload 0x00000148   ARM Code       8  init.o(.text)
    __scatterload                            0x00000151   Thumb Code    24  init.o(.text)
    __scatterload_rt2                        0x00000151   Thumb Code     0  init.o(.text)
    Short Thumb to ARM Veneer to __main_after_scatterload 0x00000171   Thumb Code     8  anon$$obj.o(Veneer$$Code)
    __ARM_common_call_via_r3                 0x00000179   Thumb Code     2  init.o(i.__ARM_common_call_via_r3)
    __scatterload_copy                       0x0000017c   ARM Code      28  handlers.o(i.__scatterload_copy)
    __scatterload_null                       0x00000198   ARM Code       4  handlers.o(i.__scatterload_null)
    __scatterload_zeroinit                   0x0000019c   ARM Code      24  handlers.o(i.__scatterload_zeroinit)
    Region$$Table$$Base                      0x000001b4   Number         0  anon$$obj.o(Region$$Table)
    Region$$Table$$Limit                     0x000001c4   Number         0  anon$$obj.o(Region$$Table)
    __initial_sp                             0x40000400   Data         136  startup.o(STACK)



==============================================================================

Memory Map of the image

  Image Entry point : 0x000000d4

  Load Region LR_IROM1 (Base: 0x00000000, Size: 0x000001c4, Max: 0x00080000, ABSOLUTE)

    Execution Region ER_IROM1 (Base: 0x00000000, Size: 0x000001c4, Max: 0x00080000, ABSOLUTE)

    Base Addr    Size         Type   Attr      Idx    E Section Name        Object

    0x00000000   0x000000d4   Code   RO            3    RESET               startup.o
    0x000000d4   0x00000000   Code   RO           24  * .ARM.Collect$$$$00000000  mc_t.l(entry.o)(mc_t.l)
    0x000000d4   0x00000004   Code   RO           27    .ARM.Collect$$$$00000001  mc_t.l(entry2.o)(mc_t.l)
    0x000000d8   0x00000004   Code   RO           29    .ARM.Collect$$$$00000004  mc_t.l(entry5.o)(mc_t.l)
    0x000000dc   0x0000000c   Code   RO           30    .ARM.Collect$$$$00000007  mc_t.l(entry7.o)(mc_t.l)
    0x000000e8   0x00000004   Code   RO           28    .ARM.Collect$$$$00002712  mc_t.l(entry2.o)(mc_t.l)
    0x000000ec   0x0000005c   Code   RO            8    .text               led_blinks.o
    0x00000148   0x00000008   Ven    RO           31    .text               mc_t.l(init.o)(mc_t.l)
    0x00000150   0x00000020   Code   RO           31    .text               mc_t.l(init.o)(mc_t.l)
    0x00000170   0x00000008   Ven    RO           44    Veneer$$Code        anon$$obj.o
    0x00000178   0x00000002   Code   RO           33    i.__ARM_common_call_via_r3  mc_t.l(init.o)(mc_t.l)
    0x0000017a   0x00000002   PAD
    0x0000017c   0x0000001c   Code   RO           37    i.__scatterload_copy  mc_t.l(handlers.o)(mc_t.l)
    0x00000198   0x00000004   Code   RO           38    i.__scatterload_null  mc_t.l(handlers.o)(mc_t.l)
    0x0000019c   0x00000018   Code   RO           39    i.__scatterload_zeroinit  mc_t.l(handlers.o)(mc_t.l)
    0x000001b4   0x00000010   Data   RO           35    Region$$Table       anon$$obj.o


    Execution Region RW_IRAM1 (Base: 0x40000000, Size: 0x00000488, Max: 0x00008000, ABSOLUTE)

    Base Addr    Size         Type   Attr      Idx    E Section Name        Object

    0x40000000   0x00000488   Zero   RW            1    STACK               startup.o


==============================================================================

Image component sizes


      Code (inc. data)   RO Data    RW Data    ZI Data      Debug   Object Name

        92          8          0          0          0          0   led_blinks.o
       212         48          0          0       1160          0   startup.o

    ----------------------------------------------------------------------
       312         56         16          0       1160          0   Object Totals
         8          0         16          0          0          0   (incl. Generated)
         0          0          0          0          0          3   (incl. Padding)

    ----------------------------------------------------------------------

      Code (inc. data)   RO Data    RW Data    ZI Data      Debug   Library Member Name

         0          0          0          0          0          0   entry.o
         8          4          0          0          0          0   entry2.o
         4          0          0          0          0          0   entry5.o
        12          4          0          0          0          0   entry7.o
        56          0          0          0          0          0   handlers.o
        42          8          0          0          0          0   init.o

    ----------------------------------------------------------------------
       124         16          0          0          0          0   Library Totals
         2          0          0          0          0          0   (incl. Padding)

    ----------------------------------------------------------------------

      Code (inc. data)   RO Data    RW Data    ZI Data      Debug   Library Name

       122         16          0          0          0        136   mc_t.l

    ----------------------------------------------------------------------
       124         16          0          0          0          0   Library Totals

    ----------------------------------------------------------------------

==============================================================================


      Code (inc. data)   RO Data    RW Data    ZI Data      Debug   

       436         72         16          0       1160       2272   Grand Totals
       436         72         16          0       1160       2272   ELF Image Totals
       436         72         16          0          0          0   ROM Totals

==============================================================================

    Total RO  Size (Code + RO Data)                  452 (   0.44kB)
    Total RW  Size (RW Data + ZI Data)              1160 (   1.13kB)
    Total ROM Size (Code + RO Data + RW Data)        452 (   0.44kB)

==============================================================================

